// Jest Snapshot v1, https://goo.gl/fbAQLP

exports[`renders App correctly 1`] = `
<div
  className="App"
>
  <Switch>
    <Route
      component={
        Object {
          "$$typeof": Symbol(react.memo),
          "WrappedComponent": [Function],
          "compare": null,
          "type": [Function],
        }
      }
      exact={true}
      path="/"
    />
    <Route
      exact={true}
      path="/show/:id"
      render={[Function]}
    />
  </Switch>
</div>
`;
